============================= test session starts =============================
platform win32 -- Python 3.12.3, pytest-9.0.2, pluggy-1.6.0 -- C:\Program Files\Python312\python.exe
cachedir: .pytest_cache
rootdir: C:\Users\Vardhaman Industries\OneDrive\Documents\Projects\Fruit Analysis Using Machine Learning\Fruit Analysis Using Machine Learning
plugins: flask-1.3.0
collecting ... collected 3 items

tests/test_security.py::test_rate_limiting_login FAILED                  [ 33%]
tests/test_security.py::test_xss_sanitization_contact_form FAILED        [ 66%]
tests/test_security.py::test_sql_injection_resilience FAILED             [100%]

================================== FAILURES ===================================
__________________________ test_rate_limiting_login ___________________________

client = <FlaskClient <Flask 'app'>>

    def test_rate_limiting_login(client):
        """
        Test that the /login endpoint throws a 429 Too Many Requests
        after 5 attempts within a minute.
        """
        for _ in range(5):
>           response = client.post('/login', data={'username': 'test_user', 'password': 'test_password'})
                       ^^^^^^^^^^^^^^^^^^^^^^^^^^^^^^^^^^^^^^^^^^^^^^^^^^^^^^^^^^^^^^^^^^^^^^^^^^^^^^^^^^

tests\test_security.py:28: 
_ _ _ _ _ _ _ _ _ _ _ _ _ _ _ _ _ _ _ _ _ _ _ _ _ _ _ _ _ _ _ _ _ _ _ _ _ _ _ _
..\..\..\..\..\AppData\Roaming\Python\Python312\site-packages\werkzeug\test.py:1167: in post
    return self.open(*args, **kw)
           ^^^^^^^^^^^^^^^^^^^^^^
..\..\..\..\..\AppData\Roaming\Python\Python312\site-packages\flask\testing.py:230: in open
    self._context_stack.close()
C:\Program Files\Python312\Lib\contextlib.py:618: in close
    self.__exit__(None, None, None)
C:\Program Files\Python312\Lib\contextlib.py:610: in __exit__
    raise exc_details[1]
C:\Program Files\Python312\Lib\contextlib.py:595: in __exit__
    if cb(*exc_details):
       ^^^^^^^^^^^^^^^^
..\..\..\..\..\AppData\Roaming\Python\Python312\site-packages\flask\ctx.py:277: in __exit__
    self.pop(exc_value)
..\..\..\..\..\AppData\Roaming\Python\Python312\site-packages\flask\ctx.py:255: in pop
    self.app.do_teardown_appcontext(exc)
..\..\..\..\..\AppData\Roaming\Python\Python312\site-packages\flask\app.py:1328: in do_teardown_appcontext
    self.ensure_sync(func)(exc)
_ _ _ _ _ _ _ _ _ _ _ _ _ _ _ _ _ _ _ _ _ _ _ _ _ _ _ _ _ _ _ _ _ _ _ _ _ _ _ _

self = <flask_mysqldb.MySQL object at 0x000001A35C3ABAD0>, exception = None

    def teardown(self, exception):
        if hasattr(ctx, "mysql_db"):
>           ctx.mysql_db.close()
E           MySQLdb.OperationalError: (2006, '')

..\..\..\..\..\AppData\Roaming\Python\Python312\site-packages\flask_mysqldb\__init__.py:114: OperationalError
_____________________ test_xss_sanitization_contact_form ______________________

args = (), keywargs = {'client': <FlaskClient <Flask 'app'>>}

    @wraps(func)
    def patched(*args, **keywargs):
>       with self.decoration_helper(patched,
                                    args,
                                    keywargs) as (newargs, newkeywargs):

C:\Program Files\Python312\Lib\unittest\mock.py:1387: 
_ _ _ _ _ _ _ _ _ _ _ _ _ _ _ _ _ _ _ _ _ _ _ _ _ _ _ _ _ _ _ _ _ _ _ _ _ _ _ _
C:\Program Files\Python312\Lib\contextlib.py:137: in __enter__
    return next(self.gen)
           ^^^^^^^^^^^^^^
C:\Program Files\Python312\Lib\unittest\mock.py:1369: in decoration_helper
    arg = exit_stack.enter_context(patching)
          ^^^^^^^^^^^^^^^^^^^^^^^^^^^^^^^^^^
C:\Program Files\Python312\Lib\contextlib.py:526: in enter_context
    result = _enter(cm)
             ^^^^^^^^^^
C:\Program Files\Python312\Lib\unittest\mock.py:1458: in __enter__
    original, local = self.get_original()
                      ^^^^^^^^^^^^^^^^^^^
C:\Program Files\Python312\Lib\unittest\mock.py:1423: in get_original
    original = getattr(target, name, DEFAULT)
               ^^^^^^^^^^^^^^^^^^^^^^^^^^^^^^
..\..\..\..\..\AppData\Roaming\Python\Python312\site-packages\flask_mysqldb\__init__.py:108: in connection
    if not hasattr(ctx, "mysql_db"):
           ^^^^^^^^^^^^^^^^^^^^^^^^
..\..\..\..\..\AppData\Roaming\Python\Python312\site-packages\werkzeug\local.py:318: in __get__
    obj = instance._get_current_object()
          ^^^^^^^^^^^^^^^^^^^^^^^^^^^^^^
_ _ _ _ _ _ _ _ _ _ _ _ _ _ _ _ _ _ _ _ _ _ _ _ _ _ _ _ _ _ _ _ _ _ _ _ _ _ _ _

    def _get_current_object() -> T:
        try:
            obj = local.get()
        except LookupError:
>           raise RuntimeError(unbound_message) from None
E           RuntimeError: Working outside of application context.
E           
E           This typically means that you attempted to use functionality that needed
E           the current application. To solve this, set up an application context
E           with app.app_context(). See the documentation for more information.

..\..\..\..\..\AppData\Roaming\Python\Python312\site-packages\werkzeug\local.py:519: RuntimeError
________________________ test_sql_injection_resilience ________________________

args = (), keywargs = {'client': <FlaskClient <Flask 'app'>>}

    @wraps(func)
    def patched(*args, **keywargs):
>       with self.decoration_helper(patched,
                                    args,
                                    keywargs) as (newargs, newkeywargs):

C:\Program Files\Python312\Lib\unittest\mock.py:1387: 
_ _ _ _ _ _ _ _ _ _ _ _ _ _ _ _ _ _ _ _ _ _ _ _ _ _ _ _ _ _ _ _ _ _ _ _ _ _ _ _
C:\Program Files\Python312\Lib\contextlib.py:137: in __enter__
    return next(self.gen)
           ^^^^^^^^^^^^^^
C:\Program Files\Python312\Lib\unittest\mock.py:1369: in decoration_helper
    arg = exit_stack.enter_context(patching)
          ^^^^^^^^^^^^^^^^^^^^^^^^^^^^^^^^^^
C:\Program Files\Python312\Lib\contextlib.py:526: in enter_context
    result = _enter(cm)
             ^^^^^^^^^^
C:\Program Files\Python312\Lib\unittest\mock.py:1458: in __enter__
    original, local = self.get_original()
                      ^^^^^^^^^^^^^^^^^^^
C:\Program Files\Python312\Lib\unittest\mock.py:1423: in get_original
    original = getattr(target, name, DEFAULT)
               ^^^^^^^^^^^^^^^^^^^^^^^^^^^^^^
..\..\..\..\..\AppData\Roaming\Python\Python312\site-packages\flask_mysqldb\__init__.py:108: in connection
    if not hasattr(ctx, "mysql_db"):
           ^^^^^^^^^^^^^^^^^^^^^^^^
..\..\..\..\..\AppData\Roaming\Python\Python312\site-packages\werkzeug\local.py:318: in __get__
    obj = instance._get_current_object()
          ^^^^^^^^^^^^^^^^^^^^^^^^^^^^^^
_ _ _ _ _ _ _ _ _ _ _ _ _ _ _ _ _ _ _ _ _ _ _ _ _ _ _ _ _ _ _ _ _ _ _ _ _ _ _ _

    def _get_current_object() -> T:
        try:
            obj = local.get()
        except LookupError:
>           raise RuntimeError(unbound_message) from None
E           RuntimeError: Working outside of application context.
E           
E           This typically means that you attempted to use functionality that needed
E           the current application. To solve this, set up an application context
E           with app.app_context(). See the documentation for more information.

..\..\..\..\..\AppData\Roaming\Python\Python312\site-packages\werkzeug\local.py:519: RuntimeError
============================== warnings summary ===============================
..\..\..\..\..\AppData\Roaming\Python\Python312\site-packages\keras\src\layers\convolutional\base_conv.py:107
  C:\Users\Vardhaman Industries\AppData\Roaming\Python\Python312\site-packages\keras\src\layers\convolutional\base_conv.py:107: UserWarning: Do not pass an `input_shape`/`input_dim` argument to a layer. When using Sequential models, prefer using an `Input(shape)` object as the first layer in the model instead.
    super().__init__(activity_regularizer=activity_regularizer, **kwargs)

-- Docs: https://docs.pytest.org/en/stable/how-to/capture-warnings.html
=========================== short test summary info ===========================
FAILED tests/test_security.py::test_rate_limiting_login - MySQLdb.Operational...
FAILED tests/test_security.py::test_xss_sanitization_contact_form - RuntimeEr...
FAILED tests/test_security.py::test_sql_injection_resilience - RuntimeError: ...
======================== 3 failed, 1 warning in 10.53s ========================
