============================= test session starts =============================
platform win32 -- Python 3.12.3, pytest-9.0.2, pluggy-1.6.0 -- c:\Program Files\Python312\python.exe
cachedir: .pytest_cache
rootdir: C:\Users\Vardhaman Industries\OneDrive\Documents\Projects\Fruit Analysis Using Machine Learning\Fruit Analysis Using Machine Learning
plugins: flask-1.3.0
collecting ... collected 3 items

tests/test_security.py::test_rate_limiting_login PASSED                  [ 33%]
tests/test_security.py::test_xss_sanitization_contact_form PASSED        [ 66%]
tests/test_security.py::test_sql_injection_resilience PASSED             [100%]

============================== warnings summary ===============================
..\..\..\..\..\AppData\Roaming\Python\Python312\site-packages\keras\src\layers\convolutional\base_conv.py:107
  C:\Users\Vardhaman Industries\AppData\Roaming\Python\Python312\site-packages\keras\src\layers\convolutional\base_conv.py:107: UserWarning: Do not pass an `input_shape`/`input_dim` argument to a layer. When using Sequential models, prefer using an `Input(shape)` object as the first layer in the model instead.
    super().__init__(activity_regularizer=activity_regularizer, **kwargs)

-- Docs: https://docs.pytest.org/en/stable/how-to/capture-warnings.html
======================== 3 passed, 1 warning in 16.90s ========================

STDERR:
